unkey:v1:ws_123:**#*
unkey:v1:ws_123:projects/*/apps/*#create_app
unkey:v1:ws_123:projects/*/apps/*#delete_app
unkey:v1:ws_123:projects/*/apps/*#read_app
unkey:v1:ws_123:projects/*/apps/*#set_repository
unkey:v1:ws_123:projects/*/apps/*#update_app
unkey:v1:ws_123:projects/*/apps/*/environments/*/deployments/*#create_deployment
unkey:v1:ws_123:projects/*/apps/*/environments/*#promote_deployment
unkey:v1:ws_123:projects/*/apps/*/environments/*/deployments/*#read_deployment
unkey:v1:ws_123:projects/*/apps/*/environments/*#rollback_deployment
unkey:v1:ws_123:projects/*/apps/*/environments/*/deployments/*#start_deployment
unkey:v1:ws_123:projects/*/apps/*/environments/*/deployments/*#stop_deployment
unkey:v1:ws_123:projects/*/apps/*/environments/*#read_environment
unkey:v1:ws_123:projects/*/apps/*/environments/*#read_variables
unkey:v1:ws_123:projects/*/apps/*/environments/*#remove_variables
unkey:v1:ws_123:projects/*/apps/*/environments/*#set_variables
unkey:v1:ws_123:projects/*/apps/*/environments/*#update_environment
unkey:v1:ws_123:projects/*/apps/*/environments/*/gateway/policies/*#read_policy
unkey:v1:ws_123:projects/*/apps/*/environments/*/gateway#set_policies
unkey:v1:ws_123:projects/*/apps/*/environments/*/gateway/policies/*#update_policy
unkey:v1:ws_123:projects/*/identities/*#create_identity
unkey:v1:ws_123:projects/*/identities/*#delete_identity
unkey:v1:ws_123:projects/*/identities/*#read_identity
unkey:v1:ws_123:projects/*/identities/*#update_identity
unkey:v1:ws_123:keyspaces/*#create_key
unkey:v1:ws_123:keyspaces/*/keys/*#create_key
unkey:v1:ws_123:projects/*/keyspaces/*/keys/*#create_key
unkey:v1:ws_123:keyspaces/*/keys/*#decrypt_key
unkey:v1:ws_123:projects/*/keyspaces/*/keys/*#decrypt_key
unkey:v1:ws_123:keyspaces/*/keys/*#delete_key
unkey:v1:ws_123:projects/*/keyspaces/*/keys/*#delete_key
unkey:v1:ws_123:keyspaces/*/keys/*#encrypt_key
unkey:v1:ws_123:keyspaces/*/keys/*#read_key
unkey:v1:ws_123:keyspaces/*#read_keyspace
unkey:v1:ws_123:projects/*/keyspaces/*/keys/*#read_key
unkey:v1:ws_123:projects/*/keyspaces/*#read_keyspace
unkey:v1:ws_123:keyspaces/*/keys/*#update_key
unkey:v1:ws_123:projects/*/keyspaces/*/keys/*#update_key
unkey:v1:ws_123:keyspaces/*/keys/*#verify_key
unkey:v1:ws_123:projects/*/keyspaces/*/keys/*#verify_key
unkey:v1:ws_123:projects/*/keyspaces/*#create_keyspace
unkey:v1:ws_123:projects/*/keyspaces/*#delete_keyspace
unkey:v1:ws_123:projects/*/keyspaces/*#read_keyspace
unkey:v1:ws_123:projects/*/keyspaces/*#read_logs
unkey:v1:ws_123:projects/*/rbac/permissions/*#create_permission
unkey:v1:ws_123:projects/*/rbac/permissions/*#delete_permission
unkey:v1:ws_123:projects/*/rbac/permissions/*#read_permission
unkey:v1:ws_123:projects/*#create_project
unkey:v1:ws_123:projects/*#delete_project
unkey:v1:ws_123:projects/*#read_project
unkey:v1:ws_123:projects/*#update_project
unkey:v1:ws_123:projects/*/ratelimits/namespaces/*#create_namespace
unkey:v1:ws_123:projects/*/ratelimits/namespaces/*/overrides/*#delete_override
unkey:v1:ws_123:projects/*/ratelimits/namespaces/*#limit
unkey:v1:ws_123:projects/*/ratelimits/namespaces/*#read_logs
unkey:v1:ws_123:projects/*/ratelimits/namespaces/*/overrides/*#read_override
unkey:v1:ws_123:projects/*/ratelimits/namespaces/*/overrides/*#set_override
unkey:v1:ws_123:projects/*/rbac/roles/*#create_role
unkey:v1:ws_123:projects/*/rbac/roles/*#delete_role
unkey:v1:ws_123:projects/*/rbac/roles/*#read_role
unkey:v1:ws_123:workspace#install_github
