unkey:v1:ws_123:**#*
unkey:v1:ws_123:keyspaces/*/keys/*#add_permission_to_key
unkey:v1:ws_123:keyspaces/*/keys/*#add_role_to_key
unkey:v1:ws_123:keyspaces/*#create_key
unkey:v1:ws_123:keyspaces/*/keys/*#decrypt_key
unkey:v1:ws_123:keyspaces/*/keys/*#delete_key
unkey:v1:ws_123:keyspaces/*/keys/*#encrypt_key
unkey:v1:ws_123:keyspaces/*/keys/*#read_key
unkey:v1:ws_123:keyspaces/*#read_keyspace
unkey:v1:ws_123:keyspaces/*/keys/*#remove_permission_from_key
unkey:v1:ws_123:keyspaces/*/keys/*#remove_role_from_key
unkey:v1:ws_123:keyspaces/*/keys/*#update_key
unkey:v1:ws_123:keyspaces/*/keys/*#verify_key
