unkey:v1:ws_123:github/apps/*#read
unkey:v1:ws_123:github/apps/*#write
unkey:v1:ws_123:github/apps/*#delete
unkey:v1:ws_123:projects/*#read
unkey:v1:ws_123:projects/*#write
unkey:v1:ws_123:projects/*#delete
unkey:v1:ws_123:projects/*/apps/*#read
unkey:v1:ws_123:projects/*/apps/*#write
unkey:v1:ws_123:projects/*/apps/*#delete
unkey:v1:ws_123:projects/*/apps/*/environments/*#read
unkey:v1:ws_123:projects/*/apps/*/environments/*#write
unkey:v1:ws_123:projects/*/apps/*/environments/*#delete
unkey:v1:ws_123:projects/*/apps/*/environments/*/deployments/*#read
unkey:v1:ws_123:projects/*/apps/*/environments/*/deployments/*#write
unkey:v1:ws_123:projects/*/apps/*/environments/*/deployments/*#delete
unkey:v1:ws_123:projects/*/apps/*/environments/*/deployments/*/logs#read
unkey:v1:ws_123:projects/*/apps/*/environments/*/domains/*#read
unkey:v1:ws_123:projects/*/apps/*/environments/*/domains/*#write
unkey:v1:ws_123:projects/*/apps/*/environments/*/domains/*#delete
unkey:v1:ws_123:projects/*/apps/*/environments/*/variables/*#read
unkey:v1:ws_123:projects/*/apps/*/environments/*/variables/*#write
unkey:v1:ws_123:projects/*/apps/*/environments/*/variables/*#delete
unkey:v1:ws_123:projects/*/apps/*/environments/*/gateway/logs#read
unkey:v1:ws_123:projects/*/apps/*/environments/*/gateway/policies/*#read
unkey:v1:ws_123:projects/*/apps/*/environments/*/gateway/policies/*#write
unkey:v1:ws_123:projects/*/apps/*/environments/*/gateway/policies/*#delete
unkey:v1:ws_123:projects/*/identities/*#read
unkey:v1:ws_123:projects/*/identities/*#write
unkey:v1:ws_123:projects/*/identities/*#delete
unkey:v1:ws_123:projects/*/keyspaces/*#read
unkey:v1:ws_123:projects/*/keyspaces/*#write
unkey:v1:ws_123:projects/*/keyspaces/*#delete
unkey:v1:ws_123:projects/*/keyspaces/*/logs#read
unkey:v1:ws_123:projects/*/keyspaces/*/keys/*#read
unkey:v1:ws_123:projects/*/keyspaces/*/keys/*#write
unkey:v1:ws_123:projects/*/keyspaces/*/keys/*#delete
unkey:v1:ws_123:projects/*/keyspaces/*/keys/*#decrypt
unkey:v1:ws_123:projects/*/keyspaces/*/keys/*#verify
unkey:v1:ws_123:projects/*/ratelimits/namespaces/*#read
unkey:v1:ws_123:projects/*/ratelimits/namespaces/*#write
unkey:v1:ws_123:projects/*/ratelimits/namespaces/*#delete
unkey:v1:ws_123:projects/*/ratelimits/namespaces/*#limit
unkey:v1:ws_123:projects/*/ratelimits/namespaces/*/logs#read
unkey:v1:ws_123:projects/*/ratelimits/namespaces/*/overrides/*#read
unkey:v1:ws_123:projects/*/ratelimits/namespaces/*/overrides/*#write
unkey:v1:ws_123:projects/*/ratelimits/namespaces/*/overrides/*#delete
unkey:v1:ws_123:projects/*/rbac/roles/*#read
unkey:v1:ws_123:projects/*/rbac/roles/*#write
unkey:v1:ws_123:projects/*/rbac/roles/*#delete
unkey:v1:ws_123:projects/*/rbac/permissions/*#read
unkey:v1:ws_123:projects/*/rbac/permissions/*#write
unkey:v1:ws_123:projects/*/rbac/permissions/*#delete
