unkey:v1:ws_123:github/apps/*#read
unkey:v1:ws_123:projects/*#read
unkey:v1:ws_123:projects/*/portals/*#read
unkey:v1:ws_123:projects/*/apps/*#read
unkey:v1:ws_123:projects/*/apps/*/environments/*#read
unkey:v1:ws_123:projects/*/apps/*/environments/*/deployments/*#read
unkey:v1:ws_123:projects/*/apps/*/environments/*/deployments/*/logs#read
unkey:v1:ws_123:projects/*/apps/*/environments/*/domains/*#read
unkey:v1:ws_123:projects/*/apps/*/environments/*/variables/*#read
unkey:v1:ws_123:projects/*/apps/*/environments/*/gateway/logs#read
unkey:v1:ws_123:projects/*/apps/*/environments/*/gateway/policies/*#read
unkey:v1:ws_123:projects/*/identities/*#read
unkey:v1:ws_123:projects/*/keyspaces/*#read
unkey:v1:ws_123:projects/*/keyspaces/*/logs#read
unkey:v1:ws_123:projects/*/keyspaces/*/keys/*#read
unkey:v1:ws_123:projects/*/ratelimits/namespaces/*#read
unkey:v1:ws_123:projects/*/ratelimits/namespaces/*/logs#read
unkey:v1:ws_123:projects/*/ratelimits/namespaces/*/overrides/*#read
unkey:v1:ws_123:projects/*/rbac/roles/*#read
unkey:v1:ws_123:projects/*/rbac/permissions/*#read
